// Jest Snapshot v1, https://goo.gl/fbAQLP

exports[`should match snapshots 1`] = `
<span>
  something
</span>
`;
