// Jest Snapshot v1, https://goo.gl/fbAQLP

exports[`<DialogActions /> should match snapshot 1`] = `
.c0 {
  display: -webkit-box;
  display: -webkit-flex;
  display: -ms-flexbox;
  display: flex;
  padding: 8px 24px 24px;
  -webkit-align-items: center;
  -webkit-box-align: center;
  -ms-flex-align: center;
  align-items: center;
}

<div
  class="c0 DialogActions"
>
  Content
</div>
`;
