// Jest Snapshot v1, https://goo.gl/fbAQLP

exports[`should match snapshots 1`] = `
.c2 {
  display: -webkit-box;
  display: -webkit-flex;
  display: -ms-flexbox;
  display: flex;
  position: relative;
  overflow-y: auto;
  -webkit-flex-direction: column;
  -ms-flex-direction: column;
  flex-direction: column;
  -webkit-flex: 0 1 auto;
  -ms-flex: 0 1 auto;
  flex: 0 1 auto;
  box-shadow: 0px 11px 15px -7px rgba(0,0,0,0.2),0px 24px 38px 3px rgba(0,0,0,0.14),0px 9px 46px 8px rgba(0,0,0,0.12);
  background-color: #fff;
  border-radius: 4px;
}

.c3 {
  display: inline-block;
  max-width: 100%;
  overflow: hidden;
  text-overflow: ellipsis;
  white-space: nowrap;
  word-wrap: normal;
  opacity: 1;
  display: inline-block;
}

.c3 h1,
.c3 h2,
.c3 h3,
.c3 h4,
.c3 h5,
.c3 h6,
.c3 span,
.c3 p {
  padding: 0 3px;
}

.c1 {
  min-width: 288px;
  max-width: 80vw;
  color: #fff;
  display: -webkit-box;
  display: -webkit-flex;
  display: -ms-flexbox;
  display: flex;
  padding: 6px 16px;
  -webkit-box-flex: 1;
  -webkit-flex-grow: 1;
  -ms-flex-positive: 1;
  flex-grow: 1;
  -webkit-flex-wrap: wrap;
  -ms-flex-wrap: wrap;
  flex-wrap: wrap;
  border-radius: 4px;
  background-color: rgb(50,50,50);
}

.c1 .SSText {
  padding: 8px 0;
}

.c0 {
  position: fixed;
  display: -webkit-box;
  display: -webkit-flex;
  display: -ms-flexbox;
  display: flex;
  -webkit-align-items: center;
  -webkit-box-align: center;
  -ms-flex-align: center;
  align-items: center;
  -webkit-box-pack: center;
  -webkit-justify-content: center;
  -ms-flex-pack: center;
  justify-content: center;
  z-index: 1400;
  left: 50%;
  right: auto;
  bottom: 24px;
  -webkit-transform: translateX(-50%);
  -ms-transform: translateX(-50%);
  transform: translateX(-50%);
}

<div
  class="SSSnackbar c0"
>
  <div
    class="SSSnackbarContent c1 SPPaper elevation-1 c2"
    elevation="1"
    role="alertdialog"
    style="opacity: 0; transform: scale(0.5) ;"
  >
    <span
      class="message SPText c3"
    />
  </div>
</div>
`;
