// Jest Snapshot v1, https://goo.gl/fbAQLP

exports[`should match snapshots 1`] = `
.c1 {
  display: -webkit-box;
  display: -webkit-flex;
  display: -ms-flexbox;
  display: flex;
  position: relative;
  overflow-y: auto;
  -webkit-flex-direction: column;
  -ms-flex-direction: column;
  flex-direction: column;
  -webkit-flex: 0 1 auto;
  -ms-flex: 0 1 auto;
  flex: 0 1 auto;
  box-shadow: 0px 11px 15px -7px rgba(0,0,0,0.2),0px 24px 38px 3px rgba(0,0,0,0.14),0px 9px 46px 8px rgba(0,0,0,0.12);
  background-color: #fff;
  border-radius: 4px;
}

.c2 {
  display: inline-block;
  max-width: 100%;
  overflow: hidden;
  text-overflow: ellipsis;
  white-space: nowrap;
  word-wrap: normal;
  opacity: 1;
  display: inline-block;
}

.c2 h1,
.c2 h2,
.c2 h3,
.c2 h4,
.c2 h5,
.c2 h6,
.c2 span,
.c2 p {
  padding: 0 3px;
}

.c0 {
  min-width: 288px;
  max-width: 80vw;
  color: #fff;
  display: -webkit-box;
  display: -webkit-flex;
  display: -ms-flexbox;
  display: flex;
  padding: 6px 16px;
  -webkit-box-flex: 1;
  -webkit-flex-grow: 1;
  -ms-flex-positive: 1;
  flex-grow: 1;
  -webkit-flex-wrap: wrap;
  -ms-flex-wrap: wrap;
  flex-wrap: wrap;
  border-radius: 4px;
  background-color: rgb(50,50,50);
}

.c0 .SSText {
  padding: 8px 0;
}

<div
  class="SSSnackbarContent c0 SPPaper elevation-1 c1"
  elevation="1"
  role="alertdialog"
>
  <span
    class="message SPText c2"
  />
</div>
`;
