// Jest Snapshot v1, https://goo.gl/fbAQLP

exports[`<Portal /> should match snapshot 1`] = `
<div>
  Foo
</div>
`;
