// Jest Snapshot v1, https://goo.gl/fbAQLP

exports[`should match snapshot 1`] = `
.c0 {
  line-height: 1;
  padding: 0;
  font-size: 1em;
  color: inherit;
}

<label
  class="SSFormLabel c0"
>
  Label
  <span
    class="SSFromLabelOptional"
  >
    â€‰
    (Optional)
  </span>
</label>
`;
