// Jest Snapshot v1, https://goo.gl/fbAQLP

exports[`<DialogContent /> should match snapshot 1`] = `
.c0 {
  -webkit-flex: 1 1 auto;
  -ms-flex: 1 1 auto;
  flex: 1 1 auto;
  padding: 8px 24px;
  overflow-y: auto;
}

<div
  class="c0 DialogContent"
>
  Content
</div>
`;
